// Jest Snapshot v1, https://goo.gl/fbAQLP

exports[`rendering components it should match with the month component 1`] = `
<div
  className="border border-gray-200 flex flex-col"
>
  <header
    className="flex flex-col items-center"
    data-testid="day-header-10-11-21"
  >
    <p
      className="text-sm p-1 my-1 text-center "
      data-testid="day-value-10-11-21"
    >
      10
    </p>
  </header>
  <div
    className="flex-1 cursor-pointer"
    data-testid="select-day-10-11-21"
    onClick={[Function]}
  />
</div>
`;
