// Jest Snapshot v1, https://goo.gl/fbAQLP

exports[`rendering components it should match with the header component 1`] = `
<Provider
  store={
    Object {
      "clearActions": [Function],
      "dispatch": [Function],
      "getActions": [Function],
      "getState": [Function],
      "replaceReducer": [Function],
      "subscribe": [Function],
    }
  }
>
  <Header>
    <header
      className="px-4 py-2 flex items-center"
    >
      <h1
        className="mr-10 text-xl text-gray-500 fond-bold"
        data-testid="header"
      >
        Soniq Calendar
      </h1>
      <button
        className="border rounded py-2 px-4 mr-5"
        data-testid="reset-month"
        onClick={[Function]}
      >
        Today
      </button>
      <button
        data-testid="prev-month"
        onClick={[Function]}
      >
        <span
          className="material-icons-outlined cursor-pointer text-gray-600 mx-2"
        >
          chevron_left
        </span>
      </button>
      <button
        data-testid="next-month"
        onClick={[Function]}
      >
        <span
          className="material-icons-outlined cursor-pointer text-gray-600 mx-2"
        >
          chevron_right
        </span>
      </button>
      <h2
        className="ml-4 text-xl text-gray-500 font-bold"
        data-testid="current-date"
      >
        February 2022
      </h2>
    </header>
  </Header>
</Provider>
`;
